procedures main
main INT WAIN LPAREN dcl COMMA dcl RPAREN LBRACE dcls statements RETURN expr SEMI RBRACE
INT int
WAIN wain
LPAREN (
dcl type ID
type INT
INT int
ID foo
COMMA ,
dcl type ID
type INT
INT int
ID bar
RPAREN )
LBRACE {
dcls .EMPTY
statements .EMPTY
RETURN return
expr term
term factor
factor NUM
NUM 42
SEMI ;
RBRACE }
