INT int
ID f
LPAREN (
RPAREN )
LBRACE {
RETURN return
NUM 1
SEMI ;
RBRACE }
INT int
WAIN wain
LPAREN (
INT int
ID a
COMMA ,
INT int
ID b
RPAREN )
LBRACE {
RETURN return
NUM 2
SEMI ;
RBRACE }
